{
  "Types": [
    {
      "Name": "DependentPropertiesResource",
      "Properties": [
        {
          "Name": "PropertyA",
          "Type": "string",
          "DisplayInfo": {
            "Required": false,
            "ReadOnly": true,
            "Label": "PropertyA",
            "Description": null,
            "ExtendedDescription": null,
            "Options": null,
            "ListApi": null,
            "ShowCopyToClipboard": false,
            "PropertyApplicability": null,
            "ConnectivityCheck": null
          }
        },
        {
          "Name": "PropertyB",
          "Type": "string",
          "DisplayInfo": {
            "Required": false,
            "ReadOnly": true,
            "Label": "PropertyB",
            "Description": null,
            "ExtendedDescription": null,
            "Options": null,
            "ListApi": null,
            "ShowCopyToClipboard": false,
            "PropertyApplicability": {
              "Mode": "ApplicableIfSpecificValue",
              "DependsOnPropertyName": "PropertyA",
              "DependsOnPropertyValue": "Foo"
            },
            "ConnectivityCheck": null
          }
        }
      ]
    }
  ],
  "Description": null
}