{
  "Types": [
    {
      "Name": "TopLevelResource",
      "Properties": [
        {
          "Name": "SecondLevelResource",
          "Type": "SecondLevelResource",
          "DisplayInfo": {
            "Required": false,
            "ReadOnly": true,
            "Label": "SecondLevelResource",
            "Description": null,
            "ExtendedDescription": null,
            "Options": null,
            "ListApi": null,
            "ShowCopyToClipboard": false,
            "PropertyApplicability": null,
            "ConnectivityCheck": null
          }
        },
        {
          "Name": "DuplicateSecondLevelResource",
          "Type": "SecondLevelResource",
          "DisplayInfo": {
            "Required": false,
            "ReadOnly": true,
            "Label": "Duplicated 2nd Level",
            "Description": "This 2nd-level resource has been duplicated",
            "ExtendedDescription": null,
            "Options": null,
            "ListApi": null,
            "ShowCopyToClipboard": false,
            "PropertyApplicability": null,
            "ConnectivityCheck": null
          }
        },
        {
          "Name": "NullableDateTimeProperty",
          "Type": "DateTime?",
          "DisplayInfo": {
            "Required": true,
            "ReadOnly": true,
            "Label": "NullableDateTimeProperty",
            "Description": null,
            "ExtendedDescription": null,
            "Options": null,
            "ListApi": null,
            "ShowCopyToClipboard": false,
            "PropertyApplicability": null,
            "ConnectivityCheck": null
          }
        },
        {
          "Name": "DateTimeOffsetProperty",
          "Type": "DateTimeOffset",
          "DisplayInfo": {
            "Required": false,
            "ReadOnly": true,
            "Label": "DateTimeOffsetProperty",
            "Description": null,
            "ExtendedDescription": null,
            "Options": null,
            "ListApi": null,
            "ShowCopyToClipboard": false,
            "PropertyApplicability": null,
            "ConnectivityCheck": null
          }
        },
        {
          "Name": "IntProperty",
          "Type": "int",
          "DisplayInfo": {
            "Required": false,
            "ReadOnly": true,
            "Label": "IntProperty",
            "Description": null,
            "ExtendedDescription": null,
            "Options": null,
            "ListApi": null,
            "ShowCopyToClipboard": false,
            "PropertyApplicability": null,
            "ConnectivityCheck": null
          }
        },
        {
          "Name": "EnumProp",
          "Type": "string",
          "DisplayInfo": {
            "Required": false,
            "ReadOnly": true,
            "Label": "EnumProp",
            "Description": null,
            "ExtendedDescription": null,
            "Options": {
              "SelectMode": "Single",
              "Values": {
                "First": "First",
                "Second": "2nd",
                "Third": "Third",
                "Fourth": "Fourth"
              }
            },
            "ListApi": null,
            "ShowCopyToClipboard": false,
            "PropertyApplicability": null,
            "ConnectivityCheck": null
          }
        },
        {
          "Name": "NullableIntProperty",
          "Type": "int?",
          "DisplayInfo": {
            "Required": false,
            "ReadOnly": true,
            "Label": "NullableIntProperty",
            "Description": null,
            "ExtendedDescription": null,
            "Options": null,
            "ListApi": null,
            "ShowCopyToClipboard": false,
            "PropertyApplicability": null,
            "ConnectivityCheck": null
          }
        },
        {
          "Name": "ListOfStringProperty",
          "Type": "string[]",
          "DisplayInfo": {
            "Required": false,
            "ReadOnly": true,
            "Label": "ListOfStringProperty",
            "Description": null,
            "ExtendedDescription": null,
            "Options": null,
            "ListApi": null,
            "ShowCopyToClipboard": false,
            "PropertyApplicability": null,
            "ConnectivityCheck": null
          }
        },
        {
          "Name": "NullableDateTimeArray",
          "Type": "DateTime?[]",
          "DisplayInfo": {
            "Required": false,
            "ReadOnly": true,
            "Label": "NullableDateTimeArray",
            "Description": null,
            "ExtendedDescription": null,
            "Options": null,
            "ListApi": null,
            "ShowCopyToClipboard": false,
            "PropertyApplicability": null,
            "ConnectivityCheck": null
          }
        },
        {
          "Name": "HandsOff",
          "Type": "string",
          "DisplayInfo": {
            "Required": false,
            "ReadOnly": true,
            "Label": "HandsOff",
            "Description": null,
            "ExtendedDescription": null,
            "Options": null,
            "ListApi": null,
            "ShowCopyToClipboard": false,
            "PropertyApplicability": null,
            "ConnectivityCheck": null
          }
        },
        {
          "Name": "SomeValue",
          "Type": "string",
          "DisplayInfo": {
            "Required": false,
            "ReadOnly": true,
            "Label": "SomeValue",
            "Description": null,
            "ExtendedDescription": null,
            "Options": null,
            "ListApi": null,
            "ShowCopyToClipboard": false,
            "PropertyApplicability": null,
            "ConnectivityCheck": null
          }
        }
      ]
    },
    {
      "Name": "SecondLevelResource",
      "Properties": [
        {
          "Name": "SensitiveStringProperty",
          "Type": "SensitiveValue",
          "DisplayInfo": {
            "Required": false,
            "ReadOnly": true,
            "Label": "SensitiveStringProperty",
            "Description": null,
            "ExtendedDescription": null,
            "Options": null,
            "ListApi": null,
            "ShowCopyToClipboard": false,
            "PropertyApplicability": null,
            "ConnectivityCheck": null
          }
        },
        {
          "Name": "NullableDateTimeOffsetProperty",
          "Type": "DateTimeOffset?",
          "DisplayInfo": {
            "Required": false,
            "ReadOnly": true,
            "Label": "NullableDateTimeOffsetProperty",
            "Description": null,
            "ExtendedDescription": null,
            "Options": null,
            "ListApi": null,
            "ShowCopyToClipboard": false,
            "PropertyApplicability": null,
            "ConnectivityCheck": null
          }
        },
        {
          "Name": "BoolProperty",
          "Type": "bool",
          "DisplayInfo": {
            "Required": false,
            "ReadOnly": true,
            "Label": "BoolProperty",
            "Description": null,
            "ExtendedDescription": null,
            "Options": null,
            "ListApi": null,
            "ShowCopyToClipboard": false,
            "PropertyApplicability": null,
            "ConnectivityCheck": null
          }
        },
        {
          "Name": "StringArrayProperty",
          "Type": "string[]",
          "DisplayInfo": {
            "Required": false,
            "ReadOnly": true,
            "Label": "StringArrayProperty",
            "Description": null,
            "ExtendedDescription": null,
            "Options": null,
            "ListApi": null,
            "ShowCopyToClipboard": false,
            "PropertyApplicability": null,
            "ConnectivityCheck": null
          }
        },
        {
          "Name": "IntArrayProperty",
          "Type": "int[]",
          "DisplayInfo": {
            "Required": false,
            "ReadOnly": true,
            "Label": "IntArrayProperty",
            "Description": null,
            "ExtendedDescription": null,
            "Options": null,
            "ListApi": null,
            "ShowCopyToClipboard": false,
            "PropertyApplicability": null,
            "ConnectivityCheck": null
          }
        }
      ]
    }
  ],
  "Description": "This is a resource level description"
}